[www.silicongalaxy.tech/index.html]
[www.silicongalaxy.tech/manifest.json]
[backblue.gif]
[fade.gif]
[index.html]
[www.silicongalaxy.tech/vendor/bootstrap/css/bootstrap.min.css]
[www.silicongalaxy.tech/css/one-page-wonder.css]
[www.silicongalaxy.tech/css/logo.png]
[www.silicongalaxy.tech/verticals.html]
[www.silicongalaxy.tech/css/aboutus.png]
[www.silicongalaxy.tech/css/Silicongalaxylogo.png]
[www.silicongalaxy.tech/vendor/jquery/jquery.min.js]
[www.silicongalaxy.tech/css/cse-logo.png]
[www.silicongalaxy.tech/vendor/bootstrap/js/bootstrap.bundle.min.js]
[www.gstatic.com/firebasejs/4.9.0/firebase.js]
[www.silicongalaxy.tech/signin.js]
[www.silicongalaxy.tech/index.html]
[www.silicongalaxy.tech/vendor/bootstrap/css/bootstrap.min.css]
[www.silicongalaxy.tech/css/hero1.png]
[www.silicongalaxy.tech/css/one-page-wonder.css]
[www.silicongalaxy.tech/css/cseismicbanner.png]
[www.silicongalaxy.tech/css/kodotek.png]
[www.silicongalaxy.tech/css/hackathon.png]
[www.silicongalaxy.tech/css/ncict.png]
[www.silicongalaxy.tech/css/crypters.png]
[www.silicongalaxy.tech/verticals.html]
[www.silicongalaxy.tech/css/knackers.png]
